ok  	github.com/cloudflare/cfssl/csr	1.954s
